// Jest Snapshot v1, https://goo.gl/fbAQLP

exports[`unit: hasBeenCalled the error message should match the snapshot 1`] = `"Expected sham to have been called."`;
