// Jest Snapshot v1, https://goo.gl/fbAQLP

exports[`unit: hasBeenCalledTimes the error message should match the snapshot 1`] = `
"Expected sham to have been called 5 times, but it was called 3 times:
  GET /test?a=1234
    accept: application/json,
  POST /test/1234
    accept: application/json
    body:
        {\\"a\\":1234},
  POST /test/abc
    accept: application/json
    body:
        test"
`;
